[DEBUG]: Starting tests...
[INFO]:  Executed 1 of 24 SUCCESS (0.000004 sec / 0.000009 sec total)
[INFO]:  Executed 2 of 24 SUCCESS (0.000001 sec / 0.000033 sec total)
[INFO]:  Executed 3 of 24 SUCCESS (0.000009 sec / 0.000049 sec total)
[DEBUG]: Note: The following error is intentionally caused by this test.
[ERROR]: LinearAllocator::allocate - tried to allocate 8B, only 0B remaining.
[INFO]:  Executed 4 of 24 SUCCESS (0.000009 sec / 0.000065 sec total)
[INFO]:  Executed 5 of 24 SUCCESS (0.000007 sec / 0.000078 sec total)
[INFO]:  Executed 6 of 24 SUCCESS (0.000012 sec / 0.000096 sec total)
[INFO]:  Executed 7 of 24 SUCCESS (0.000008 sec / 0.000111 sec total)
[INFO]:  Executed 8 of 24 SUCCESS (0.000000 sec / 0.000132 sec total)
[INFO]:  Executed 9 of 24 SUCCESS (0.000000 sec / 0.000138 sec total)
[INFO]:  Executed 10 of 24 SUCCESS (0.000001 sec / 0.000145 sec total)
[INFO]:  Executed 11 of 24 SUCCESS (0.000007 sec / 0.000158 sec total)
[INFO]:  Executed 12 of 24 SUCCESS (0.000021 sec / 0.000186 sec total)
[INFO]:  Executed 13 of 24 SUCCESS (0.000002 sec / 0.000194 sec total)
[INFO]:  Executed 14 of 24 SUCCESS (0.000001 sec / 0.000202 sec total)
[INFO]:  Executed 15 of 24 SUCCESS (0.000001 sec / 0.000209 sec total)
[INFO]:  Executed 16 of 24 SUCCESS (0.000000 sec / 0.000215 sec total)
[INFO]:  Executed 17 of 24 SUCCESS (0.000000 sec / 0.000221 sec total)
[INFO]:  Executed 18 of 24 SUCCESS (0.000067 sec / 0.000294 sec total)
[INFO]:  Executed 19 of 24 SUCCESS (0.000029 sec / 0.000331 sec total)
[INFO]:  Executed 20 of 24 SUCCESS (0.000003 sec / 0.000342 sec total)
[INFO]:  Executed 21 of 24 SUCCESS (0.000070 sec / 0.000419 sec total)
[INFO]:  Executed 22 of 24 SUCCESS (0.000055 sec / 0.000481 sec total)
[INFO]:  Executed 23 of 24 SUCCESS (0.000002 sec / 0.000518 sec total)
[INFO]:  Executed 24 of 24 SUCCESS (0.000002 sec / 0.000527 sec total)
[INFO]:  Results: 24 passed, 0 failed.
