[INFO]:  Input subsystem initialized.
[INFO]:  Application created: SH (1280x720)
[FATAL]: A test message: 3.14
[ERROR]: A test message: 3.14
[WARN]:  A test message: 3.14
[INFO]:  A test message: 3.14
[DEBUG]: A test message: 3.14
[TRACE]: A test message: 3.14
[DEBUG]: Required extensions:
[DEBUG]: VK_KHR_surface
[DEBUG]: VK_KHR_xcb_surface
[DEBUG]: VK_EXT_debug_utils
[INFO]:  Validation layers enabled. Enumerating...
[INFO]:  Searching for layer: VK_LAYER_KHRONOS_validation...
[INFO]:  Found.
[INFO]:  All required validation layers are present.
[INFO]:  Vulkan Instance created.
[DEBUG]: Creating Vulkan debugger...
[DEBUG]: Vulkan debugger created.
[DEBUG]: Creating Vulkan surface...
[DEBUG]: Vulkan surface created.
[INFO]:  linux_read_sorted_physical_devices:
[INFO]:       Original order:
[INFO]:             [0] Quadro T2000 with Max-Q Design
[INFO]:       Sorted order:
[INFO]:             [0] Quadro T2000 with Max-Q Design  
[INFO]:  linux_read_sorted_physical_devices:
[INFO]:       Original order:
[INFO]:             [0] Quadro T2000 with Max-Q Design
[INFO]:       Sorted order:
[INFO]:             [0] Quadro T2000 with Max-Q Design  
[INFO]:  Selected device: 'Quadro T2000 with Max-Q Design'.
[INFO]:  GPU type is Discrete.
[INFO]:  Physical device selected.
[INFO]:  Creating logical device...
[INFO]:  Inserted device layer "VK_LAYER_KHRONOS_validation" (/usr/lib/libVkLayer_khronos_validation.so)
[INFO]:  vkCreateDevice layer callstack setup to:
[INFO]:     <Application>
[INFO]:       ||
[INFO]:     <Loader>
[INFO]:       ||
[INFO]:     VK_LAYER_KHRONOS_validation
[INFO]:             Type: Explicit
[INFO]:             Enabled By: By the Application
[INFO]:             Manifest: /usr/share/vulkan/explicit_layer.d/VkLayer_khronos_validation.json
[INFO]:             Library:  /usr/lib/libVkLayer_khronos_validation.so
[INFO]:       ||
[INFO]:     <Device>
[INFO]:         Using "Quadro T2000 with Max-Q Design" with driver: "/usr/lib/libGLX_nvidia.so.610.43.03"
[INFO]:  Logical device created.
[INFO]:  Graphics command pool created.
[INFO]:  Queues obtained.
[INFO]:  Vulkan renderer initialized successfully.
[INFO]:  Swapchain created successfully.
[DEBUG]: Vulkan command buffers created.
[ERROR]: Error opening file: 'assets/shaders/Builtin.RaymarchVoxelize.comp.spv'
[ERROR]: Unable to read shader module: assets/shaders/Builtin.RaymarchVoxelize.comp.spv.
[ERROR]: Error opening file: 'assets/shaders/Builtin.ProbeBake.comp.spv'
[ERROR]: Unable to read shader module: assets/shaders/Builtin.ProbeBake.comp.spv.
[ERROR]: Error opening file: 'assets/shaders/Builtin.RaymarchShader.comp.spv'
[ERROR]: Unable to read shader module: assets/shaders/Builtin.RaymarchShader.comp.spv.
[ERROR]: Error opening file: 'assets/shaders/Builtin.BloomBlurH.comp.spv'
[ERROR]: Unable to read shader module: assets/shaders/Builtin.BloomBlurH.comp.spv.
[ERROR]: Error opening file: 'assets/shaders/Builtin.PostComposite.comp.spv'
[ERROR]: Unable to read shader module: assets/shaders/Builtin.PostComposite.comp.spv.
[ERROR]: Unable to create shader module(s) for the raymarch field pipeline.
[ERROR]: Error loading built-in raymarch shader.
[FATAL]: Renderer backend failed to initialize. Shutting down.
[FATAL]: Failed to initialize renderer. Aborting application.
[DEBUG]: SHGame::initialize() called!
[ERROR]: Failed to load image 'assets/textures/skybox_to_equirect_2.png': can't fopen
[WARN]:  Texture 'skybox_to_equirect_2' failed to load; using the default texture in its place.
[ERROR]: vkUpdateDescriptorSets(): pDescriptorWrites[0].dstSet is VK_NULL_HANDLE.
