[INFO]:  Input subsystem initialized.
[INFO]:  Application created: Bingus Engine Testbed (1280x720)
[FATAL]: A test message: 3.14
[ERROR]: A test message: 3.14
[WARN]:  A test message: 3.14
[INFO]:  A test message: 3.14
[DEBUG]: A test message: 3.14
[TRACE]: A test message: 3.14
[DEBUG]: Required extensions:
[DEBUG]: VK_KHR_surface
[DEBUG]: VK_KHR_xcb_surface
[DEBUG]: VK_EXT_debug_utils
[INFO]:  Validation layers enabled. Enumerating...
[INFO]:  Searching for layer: VK_LAYER_KHRONOS_validation...
[INFO]:  Found.
[INFO]:  All required validation layers are present.
[INFO]:  Vulkan Instance created.
[DEBUG]: Creating Vulkan debugger...
[DEBUG]: Vulkan debugger created.
[DEBUG]: Creating Vulkan surface...
[DEBUG]: Vulkan surface created.
[INFO]:  linux_read_sorted_physical_devices:
[INFO]:       Original order:
[INFO]:             [0] Quadro T2000 with Max-Q Design
[INFO]:       Sorted order:
[INFO]:             [0] Quadro T2000 with Max-Q Design  
[INFO]:  linux_read_sorted_physical_devices:
[INFO]:       Original order:
[INFO]:             [0] Quadro T2000 with Max-Q Design
[INFO]:       Sorted order:
[INFO]:             [0] Quadro T2000 with Max-Q Design  
[INFO]:  Selected device: 'Quadro T2000 with Max-Q Design'.
[INFO]:  GPU type is Discrete.
[INFO]:  Physical device selected.
[INFO]:  Creating logical device...
[INFO]:  Inserted device layer "VK_LAYER_KHRONOS_validation" (/usr/lib/libVkLayer_khronos_validation.so)
[INFO]:  vkCreateDevice layer callstack setup to:
[INFO]:     <Application>
[INFO]:       ||
[INFO]:     <Loader>
[INFO]:       ||
[INFO]:     VK_LAYER_KHRONOS_validation
[INFO]:             Type: Explicit
[INFO]:             Enabled By: By the Application
[INFO]:             Manifest: /usr/share/vulkan/explicit_layer.d/VkLayer_khronos_validation.json
[INFO]:             Library:  /usr/lib/libVkLayer_khronos_validation.so
[INFO]:       ||
[INFO]:     <Device>
[INFO]:         Using "Quadro T2000 with Max-Q Design" with driver: "/usr/lib/libGLX_nvidia.so.610.43.03"
[INFO]:  Logical device created.
[INFO]:  Graphics command pool created.
[INFO]:  Queues obtained.
[INFO]:  Vulkan renderer initialized successfully.
[INFO]:  Swapchain created successfully.
[DEBUG]: Vulkan command buffers created.
[ERROR]: Error opening file: 'assets/shaders/Builtin.RaymarchVoxelize.comp.spv'
[ERROR]: Unable to read shader module: assets/shaders/Builtin.RaymarchVoxelize.comp.spv.
[ERROR]: Error opening file: 'assets/shaders/Builtin.ChunkVoxelize.comp.spv'
[ERROR]: Unable to read shader module: assets/shaders/Builtin.ChunkVoxelize.comp.spv.
[ERROR]: Error opening file: 'assets/shaders/Builtin.ChunkedFieldDebugQuery.comp.spv'
[ERROR]: Unable to read shader module: assets/shaders/Builtin.ChunkedFieldDebugQuery.comp.spv.
[ERROR]: Error opening file: 'assets/shaders/Builtin.ChunkEvict.comp.spv'
[ERROR]: Unable to read shader module: assets/shaders/Builtin.ChunkEvict.comp.spv.
[ERROR]: Error opening file: 'assets/shaders/Builtin.ProbeBake.comp.spv'
[ERROR]: Unable to read shader module: assets/shaders/Builtin.ProbeBake.comp.spv.
[ERROR]: Error opening file: 'assets/shaders/Builtin.RaymarchShader.comp.spv'
[ERROR]: Unable to read shader module: assets/shaders/Builtin.RaymarchShader.comp.spv.
[ERROR]: Error opening file: 'assets/shaders/Builtin.BloomBlurH.comp.spv'
[ERROR]: Unable to read shader module: assets/shaders/Builtin.BloomBlurH.comp.spv.
[ERROR]: Error opening file: 'assets/shaders/Builtin.PostComposite.comp.spv'
[ERROR]: Unable to read shader module: assets/shaders/Builtin.PostComposite.comp.spv.
[ERROR]: Unable to create shader module(s) for the raymarch field pipeline.
[ERROR]: Error loading built-in raymarch shader.
[FATAL]: Renderer backend failed to initialize. Shutting down.
[FATAL]: Failed to initialize renderer. Aborting application.
[DEBUG]: TestbedGame::initialize() called!
[ERROR]: Failed to open SDF scene file: 'assets/scenes/man_sitting.sdf'.
[DEBUG]: Resized to 1280x720
[INFO]:  System memory use (tagged):
  UNKNOWN    : 0.00B
  ARRAY      : 0.00B
  LINEAR_ALLC: 0.00B
  DARRAY     : 0.00B
  DICT       : 0.00B
  RING_QUEUE : 0.00B
  BST        : 0.00B
  STRING     : 0.00B
  APPLICATION: 0.00B
  JOB        : 0.00B
  TEXTURE    : 0.00B
  MAT_INST   : 0.00B
  RENDERER   : 48.00B
  GAME       : 80.00B
  TRANSFORM  : 0.00B
  ENTITY     : 0.00B
  ENTITY_NODE: 0.00B
  SCENE      : 0.00B
  SHADER     : 0.00B

[DEBUG]: Window resize: 954, 1003
[DEBUG]: Resized to 954x1003
[INFO]:  Vulkan renderer backend->resized: w/h/gen: 954/1003/1
[DEBUG]: Window resize: 950, 999
[DEBUG]: Resized to 950x999
[INFO]:  Vulkan renderer backend->resized: w/h/gen: 950/999/2
[INFO]:  Swapchain created successfully.
[DEBUG]: Vulkan command buffers created.
[INFO]:  Resized, booting.
